// Jest Snapshot v1, https://goo.gl/fbAQLP

exports[`Signup should match the snapshot 1`] = `
<div>
  <img
    alt="Caravan logo"
    className="caravan-logo"
    src="caravan-logo-blueOnWhite.png"
  />
  <Formik
    initialValues={
      Object {
        "email": "",
        "firstname": "",
        "lastname": "",
        "password": "",
        "phone": "",
        "username": "",
      }
    }
    onSubmit={[Function]}
  >
    <Component />
  </Formik>
  <p>
    Already have an account?
  </p>
  <a
    href="/"
  >
    Sign In
  </a>
</div>
`;
