// Jest Snapshot v1, https://goo.gl/fbAQLP

exports[`Trip Details should match the snapshot 1`] = `
<div>
  <div
    className="trip-details"
  >
    <div
      className="map-snippet"
    >
      <withProps(withScriptjs(withGoogleMap(Geolocated(lifecycle(Component)))))
        trip={
          Object {
            "destination": "Grand Canyon, Grand Canyon Ave.",
            "startlocation": "123 OneTreeHill St.",
            "trip_description": "Join in as we travel to the Grand Canyon",
            "trip_title": "Wonders of the Canyon",
            "tripdate": "2020-06-01T13:00:06.000Z",
          }
        }
      />
    </div>
    <div
      className="blue-back"
    >
      <h1>
        Wonders of the Canyon
      </h1>
      <h3>
        Join in as we travel to the Grand Canyon
      </h3>
    </div>
    <p>
      Trip host: 
      <b>
        @
        <Component />
      </b>
    </p>
    <p>
      When: 
      <b>
        6/1/2020
      </b>
    </p>
    <p>
      Leaving at: 
      <b>
        8:00
      </b>
    </p>
    <p>
      From: 
      <b>
        123 OneTreeHill St.
      </b>
    </p>
    <p>
      To: 
      <b>
        Grand Canyon, Grand Canyon Ave.
      </b>
    </p>
    <p
      className="no-margin-bottom"
    >
      Rest Stops:
    </p>
    <ul>
      <b>
        <li
          key="0"
        >
          Wawa
        </li>
        <li
          key="1"
        >
          Loves
        </li>
      </b>
    </ul>
    <p
      className="no-margin-bottom"
    >
      Guests:
    </p>
    <ul>
      <b>
        <li
          key="0"
        />
      </b>
    </ul>
  </div>
  <withRouter(ActionButtons)
    trip={
      Object {
        "destination": "Grand Canyon, Grand Canyon Ave.",
        "startlocation": "123 OneTreeHill St.",
        "trip_description": "Join in as we travel to the Grand Canyon",
        "trip_title": "Wonders of the Canyon",
        "tripdate": "2020-06-01T13:00:06.000Z",
      }
    }
  />
</div>
`;
