// Jest Snapshot v1, https://goo.gl/fbAQLP

exports[`Trip Details should match the snapshot 1`] = `
<div>
  <div
    className="trip-details"
  >
    <div
      className="map-snippet"
    >
      <withProps(withScriptjs(withGoogleMap(Geolocated(lifecycle(Component))))) />
    </div>
    <div
      className="blue-back"
    >
      <h1>
        Wonders of the Canyon
      </h1>
      <h3>
        Join in as we travel to the Grand Canyon
      </h3>
    </div>
    <p>
      Trip host: 
      <b>
        @Host
      </b>
    </p>
    <p>
      When: 
      <b>
        2020-06-01
      </b>
    </p>
    <p>
      Leaving at: 
      <b>
        13:55:06
      </b>
    </p>
    <p>
      From: 
      <b>
        123 OneTreeHill St.
      </b>
    </p>
    <p>
      To: 
      <b>
        Grand Canyon, Grand Canyon Ave.
      </b>
    </p>
    <div>
      <p>
        Making stops at:
      </p>
      <ul>
        <li
          key="0"
        >
          <b>
            Wawa
          </b>
        </li>
        <li
          key="1"
        >
          <b>
            Loves
          </b>
        </li>
      </ul>
    </div>
    <p>
      Guests:
    </p>
    <ul>
      <li>
        <b>
          @guestA
        </b>
      </li>
      <li>
        <b>
          @guestB
        </b>
      </li>
      <li>
        <b>
          @guestC
        </b>
      </li>
    </ul>
  </div>
  <withRouter(ActionButtons) />
</div>
`;
