// Jest Snapshot v1, https://goo.gl/fbAQLP

exports[`Trip Details should match the snapshot 1`] = `
<div>
  <div
    className="trip-details-wrapper"
  >
    <div
      className="trip-details-header"
    >
      <h1
        className="header-text"
      >
        Wonders of the Canyon
      </h1>
      <h2
        className="header-text-light"
      >
        Join in as we travel to the Grand Canyon
      </h2>
    </div>
    <div
      className="trip-details"
    >
      <p>
        <span
          className="trip-details-headings"
        >
          You were invited by 
        </span>
        @ Host
      </p>
      <p>
        <span
          className="trip-details-headings"
        >
          When:
        </span>
         
        2020-06-01
      </p>
      <p>
        <span
          className="trip-details-headings"
        >
          Leaving at:
        </span>
        13:55:06
      </p>
      <p>
        <span
          className="trip-details-headings"
        >
          From
        </span>
        <br />
         
        123 OneTreeHill St.
      </p>
      <p>
        <span
          className="trip-details-headings"
        >
          To
        </span>
        <br />
         
        Grand Canyon, Grand Canyon Ave.
      </p>
      <div>
        <span
          className="trip-details-headings"
        >
          Stoping at
        </span>
        <ul>
          <li
            key="0"
          >
            Wawa
          </li>
          <li
            key="1"
          >
            Loves
          </li>
        </ul>
      </div>
      <p>
        <span
          className="trip-details-headings"
        >
          Guest list
        </span>
      </p>
      <ul>
        <li>
          @guestA
        </li>
        <li>
          @guestB
        </li>
        <li>
          @guestC
        </li>
      </ul>
      <Link
        to="/map"
      >
        <Button
          active={false}
          disabled={false}
          type="button"
          variant="success"
        >
          Start Trip
        </Button>
      </Link>
    </div>
  </div>
</div>
`;
