// Jest Snapshot v1, https://goo.gl/fbAQLP

exports[`Dashboard should match the snapshot 1`] = `
<Fragment>
  <div
    className="dashboard-wrapper"
  >
    <Link
      to="/trip"
    >
      <BigButton
        color="green"
        value="+ New Trip"
      />
    </Link>
    <span />
    <Link
      to="/ec"
    >
      <BigButton
        color="blue"
        value="Update Emergency Contact"
      />
    </Link>
    <div
      className="trip-section"
    >
      <h2>
        Invitations
      </h2>
      <Row
        noGutters={false}
      >
        <Col
          key="0"
          md={4}
        >
          <SummaryCard
            icon={
              <UNDEFINED
                fontSize="large"
              />
            }
            isYourTrips={false}
            key="0"
            members={
              Array [
                Object {
                  "username": "jcode",
                },
              ]
            }
            rerender={[Function]}
            reststops={
              Array [
                Object {
                  "location": "Wawa",
                },
                Object {
                  "location": "Loves",
                },
              ]
            }
            trip={
              Object {
                "destination": "45 Rockefeller Plaza, New York, NY, 10111",
                "host": Object {
                  "username": "conniecode",
                },
                "members": Array [
                  Object {
                    "username": "jcode",
                  },
                ],
                "reststops": Array [
                  Object {
                    "location": "Wawa",
                  },
                  Object {
                    "location": "Loves",
                  },
                ],
                "startlocation": "1307 Florence Avenue, Plainfield, NJ 07060",
                "trip_description": "Let's see Rockefeller",
                "trip_title": "Brunch at gold statue :P",
                "tripdate": "2020-06-01T13:55:06.000Z",
              }
            }
            userid={1}
          />
        </Col>
      </Row>
    </div>
    <div
      className="trip-section"
    >
      <h2>
        Your Trips
      </h2>
      <Row
        noGutters={false}
      >
        <Col
          key="0"
          md={4}
        >
          <SummaryCard
            icon={
              <UNDEFINED
                fontSize="large"
              />
            }
            isYourTrips={true}
            key="0"
            members={
              Array [
                Object {
                  "username": "jcode",
                },
              ]
            }
            rerender={[Function]}
            reststops={
              Array [
                Object {
                  "location": "Wawa",
                },
                Object {
                  "location": "Loves",
                },
              ]
            }
            trip={
              Object {
                "destination": "45 Rockefeller Plaza, New York, NY, 10111",
                "host": Object {
                  "username": "conniecode",
                },
                "members": Array [
                  Object {
                    "username": "jcode",
                  },
                ],
                "reststops": Array [
                  Object {
                    "location": "Wawa",
                  },
                  Object {
                    "location": "Loves",
                  },
                ],
                "startlocation": "1307 Florence Avenue, Plainfield, NJ 07060",
                "trip_description": "Let's see Rockefeller",
                "trip_title": "Brunch at gold statue :P",
                "tripdate": "2020-06-01T13:55:06.000Z",
              }
            }
            userid={1}
          />
        </Col>
      </Row>
    </div>
    <div
      className="trip-section"
    >
      <h2>
        Trips Joined
      </h2>
      <Row
        noGutters={false}
      >
        <Col
          key="0"
          md={4}
        >
          <SummaryCard
            icon={
              <UNDEFINED
                fontSize="large"
              />
            }
            isYourTrips={false}
            key="0"
            members={
              Array [
                Object {
                  "username": "jcode",
                },
              ]
            }
            rerender={[Function]}
            reststops={
              Array [
                Object {
                  "location": "Wawa",
                },
                Object {
                  "location": "Loves",
                },
              ]
            }
            trip={
              Object {
                "destination": "45 Rockefeller Plaza, New York, NY, 10111",
                "host": Object {
                  "username": "conniecode",
                },
                "members": Array [
                  Object {
                    "username": "jcode",
                  },
                ],
                "reststops": Array [
                  Object {
                    "location": "Wawa",
                  },
                  Object {
                    "location": "Loves",
                  },
                ],
                "startlocation": "1307 Florence Avenue, Plainfield, NJ 07060",
                "trip_description": "Let's see Rockefeller",
                "trip_title": "Brunch at gold statue :P",
                "tripdate": "2020-06-01T13:55:06.000Z",
              }
            }
            userid={1}
          />
        </Col>
      </Row>
    </div>
  </div>
</Fragment>
`;
