// Jest Snapshot v1, https://goo.gl/fbAQLP

exports[`Dashboard should match the snapshot 1`] = `
<Fragment>
  <h1>
    Dashboard
  </h1>
  <Link
    to="/trip"
  >
    <Button
      active={false}
      disabled={false}
      type="button"
      variant="success"
    >
      New Trip +
    </Button>
  </Link>
  <h3>
     Invitations 
  </h3>
</Fragment>
`;
