// Jest Snapshot v1, https://goo.gl/fbAQLP

exports[`SummaryCard should match the snapshot 1`] = `
<Fragment>
  <Card
    body={false}
    onClick={[Function]}
    style={
      Object {
        "width": "18rem",
      }
    }
  >
    <CardBody>
      <CardTitle />
      <CardText />
    </CardBody>
  </Card>
  <Bootstrap(Modal)
    onHide={[Function]}
    show={false}
  >
    <TripDetails />
  </Bootstrap(Modal)>
</Fragment>
`;
