// Jest Snapshot v1, https://goo.gl/fbAQLP

exports[`TripInformation should match the snapshot 1`] = `
<Fragment>
  <Field
    autoFocus={true}
    component={[Function]}
    icon={<UNDEFINED />}
    name="trip_title"
    placeholder="Trip Title"
    type="text"
    validate={[Function]}
  />
  <Field
    autoFocus={false}
    component={[Function]}
    icon={<UNDEFINED />}
    name="trip_description"
    placeholder="Description"
    type="text"
    validate={[Function]}
  />
  <Field
    autoFocus={false}
    component={[Function]}
    icon={<UNDEFINED />}
    name="start_location"
    placeholder="Start Location"
    type="text"
    validate={[Function]}
  />
  <Field
    autoFocus={false}
    component={[Function]}
    icon={<UNDEFINED />}
    name="destination"
    placeholder="Destination"
    type="text"
    validate={[Function]}
  />
  <Field
    autoFocus={false}
    component={[Function]}
    icon={<UNDEFINED />}
    name="start_date"
    placeholder="Date"
    type="text"
    validate={[Function]}
  />
</Fragment>
`;
