// Jest Snapshot v1, https://goo.gl/fbAQLP

exports[`TripInformation should match the snapshot 1`] = `
<Fragment>
  <Field
    autoFocus={true}
    component={[Function]}
    icon={<UNDEFINED />}
    name="trip_title"
    tag="TRIP TITLE"
    type="text"
    validate={[Function]}
  />
  <Field
    autoFocus={false}
    component={[Function]}
    icon={<UNDEFINED />}
    name="trip_description"
    tag="DESCRIPTION"
    type="text"
    validate={[Function]}
  />
  <Field
    autoFocus={false}
    component={[Function]}
    icon={<UNDEFINED />}
    name="start_location"
    tag="START LOCATION"
    type="text"
    validate={[Function]}
  />
  <Field
    autoFocus={false}
    component={[Function]}
    icon={<UNDEFINED />}
    name="destination"
    tag="DESTINATION"
    type="text"
    validate={[Function]}
  />
  <Field
    autoFocus={false}
    component={[Function]}
    icon={<UNDEFINED />}
    name="start_date"
    tag="DATE"
    type="text"
    validate={[Function]}
  />
</Fragment>
`;
