// Jest Snapshot v1, https://goo.gl/fbAQLP

exports[`TripRestStops should match the snapshot 1`] = `
<Form>
  <Field
    autoFocus={true}
    component={[Function]}
    icon="location_on"
    name="rest_stops"
    placeholder="Rest Stop"
    type="text"
  />
  <BigButton
    value="Back"
  />
  <BigButton
    value="Submit"
  />
</Form>
`;
