// Jest Snapshot v1, https://goo.gl/fbAQLP

exports[`TripForm should match the snapshot 1`] = `
<div>
  <Navbar />
  <h1
    className="header-text"
  >
    New Trip
  </h1>
  <Formik
    initialValues={
      Object {
        "destination": "",
        "guests": "",
        "rest_stops": "",
        "start_date": "",
        "start_location": "",
        "start_time": "",
      }
    }
    onSubmit={[Function]}
  >
    <Component />
  </Formik>
</div>
`;
